<html>
<body>
<pre>
<h1>µVision Build Log</h1>
<h2>Tool Versions:</h2>
IDE-Version: ¦ÌVision V5.33.0.0
Copyright (C) 2020 ARM Ltd and ARM Germany GmbH. All rights reserved.
License Information: 1 1, 1, LIC=RC93N-YU91N-SB9EJ-UUT9L-9HME7-F68R7
 
Tool Versions:
Toolchain:       MDK-ARM Plus  Version: 5.33.0.0
Toolchain Path:  d:\Keil_v5\ARM\ARMCC\Bin
C Compiler:      Armcc.exe V5.06 update 7 (build 960)
Assembler:       Armasm.exe V5.06 update 7 (build 960)
Linker/Locator:  ArmLink.exe V5.06 update 7 (build 960)
Library Manager: ArmAr.exe V5.06 update 7 (build 960)
Hex Converter:   FromElf.exe V5.06 update 7 (build 960)
CPU DLL:         SARMCM3.DLL V5.33.0.0
Dialog DLL:      DCM.DLL V1.17.3.0
Target DLL:      Segger\JL2CM3.dll V2.99.38.0
Dialog DLL:      TCM.DLL V1.48.0.0
 
<h2>Project:</h2>
E:\WL\FOC\ODrive\ODrive-fw-v0.3.6\Firmware_MX\mdk_app\project.uvprojx
Project File Date:  04/13/2021

<h2>Output:</h2>
*** Using Compiler 'V5.06 update 7 (build 960)', folder: 'd:\Keil_v5\ARM\ARMCC\Bin'
Build target 'project'
compiling dma.c...
compiling can.c...
compiling spi.c...
compiling stm32f4xx_hal_msp.c...
compiling adc.c...
compiling gpio.c...
compiling freertos.c...
compiling main.c...
compiling usart.c...
compiling stm32f4xx_hal_timebase_TIM.c...
compiling usb_device.c...
compiling tim.c...
compiling usbd_conf.c...
compiling usbd_cdc_if.c...
compiling stm32f4xx_it.c...
compiling syscalls.c...
compiling croutine.c...
compiling event_groups.c...
compiling list.c...
compiling queue.c...
compiling tasks.c...
compiling timers.c...
compiling heap_4.c...
compiling port.c...
compiling cmsis_os.c...
compiling usbd_desc.c...
compiling utils.c...
compiling commands_pro.c...
compiling commands.c...
compiling terminal.c...
compiling usbd_core.c...
compiling usbd_ctlreq.c...
compiling low_level.c...
compiling usbd_ioreq.c...
compiling stm32f4xx_hal.c...
compiling stm32f4xx_hal_cortex.c...
compiling stm32f4xx_hal_adc.c...
compiling usbd_cdc.c...
compiling stm32f4xx_hal_adc_ex.c...
compiling drv8301.c...
compiling stm32f4xx_hal_can.c...
compiling stm32f4xx_hal_dma.c...
compiling stm32f4xx_hal_flash_ex.c...
compiling stm32f4xx_hal_flash_ramfunc.c...
compiling stm32f4xx_hal_pcd_ex.c...
compiling stm32f4xx_hal_pcd.c...
compiling stm32f4xx_hal_gpio.c...
compiling stm32f4xx_hal_flash.c...
compiling stm32f4xx_hal_dma_ex.c...
compiling stm32f4xx_hal_pwr.c...
compiling stm32f4xx_hal_pwr_ex.c...
compiling stm32f4xx_hal_tim_ex.c...
compiling stm32f4xx_hal_uart.c...
compiling stm32f4xx_hal_spi.c...
compiling stm32f4xx_hal_rcc_ex.c...
compiling stm32f4xx_hal_rcc.c...
compiling stm32f4xx_hal_tim.c...
compiling stm32f4xx_ll_usb.c...
linking...
Program Size: Code=56096 RO-data=3820 RW-data=1512 ZI-data=67312  
FromELF: creating hex file...
After Build - User command #2: fromelf.exe --bincombined --bincombined_padding=1,0x00 --output=./output/project.bin  ./output/project.axf
".\output\obj\..\project.axf" - 0 Error(s), 0 Warning(s).

<h2>Software Packages used:</h2>

Package Vendor: ARM
                http://www.keil.com/pack/ARM.CMSIS.5.7.0.pack
                ARM.CMSIS.5.7.0
                CMSIS (Cortex Microcontroller Software Interface Standard)
   * Component: CORE Version: 5.4.0

Package Vendor: Keil
                http://www.keil.com/pack/Keil.STM32F4xx_DFP.2.13.0.pack
                Keil.STM32F4xx_DFP.2.13.0
                STMicroelectronics STM32F4 Series Device Support, Drivers and Examples

<h2>Collection of Component include folders:</h2>
  .\RTE\_project
  d:\Keil_v5\ARM\PACK\ARM\CMSIS\5.7.0\CMSIS\Core\Include
  d:\Keil_v5\ARM\PACK\Keil\STM32F4xx_DFP\2.13.0\Drivers\CMSIS\Device\ST\STM32F4xx\Include

<h2>Collection of Component Files used:</h2>

   * Component: ARM::CMSIS:CORE:5.4.0
Build Time Elapsed:  00:01:23
</pre>
</body>
</html>
